MPLINK 5.09, LINKER
Linker Map File - Created Thu Sep 26 01:26:43 2024

                                 Section Info
                  Section       Type    Address   Location Size(Bytes)
                ---------  ---------  ---------  ---------  ---------
                   .org_0       code   0x000000    program   0x000004
                   .cinit    romdata   0x000004    program   0x000002
                   .org_1       code   0x000008    program   0x000018
                   .org_2       code   0x000100    program   0x0000a2
.config_300001_BUILD/DEFAULT/DEBUG/HW7-1.O    romdata   0x300001    program   0x000001
.config_300002_BUILD/DEFAULT/DEBUG/HW7-1.O    romdata   0x300002    program   0x000001
.config_300003_BUILD/DEFAULT/DEBUG/HW7-1.O    romdata   0x300003    program   0x000001
.config_300005_BUILD/DEFAULT/DEBUG/HW7-1.O    romdata   0x300005    program   0x000001
.config_300006_BUILD/DEFAULT/DEBUG/HW7-1.O    romdata   0x300006    program   0x000001
.config_300008_BUILD/DEFAULT/DEBUG/HW7-1.O    romdata   0x300008    program   0x000001
.config_300009_BUILD/DEFAULT/DEBUG/HW7-1.O    romdata   0x300009    program   0x000001
.config_30000A_BUILD/DEFAULT/DEBUG/HW7-1.O    romdata   0x30000a    program   0x000001
.config_30000B_BUILD/DEFAULT/DEBUG/HW7-1.O    romdata   0x30000b    program   0x000001
.config_30000C_BUILD/DEFAULT/DEBUG/HW7-1.O    romdata   0x30000c    program   0x000001
.config_30000D_BUILD/DEFAULT/DEBUG/HW7-1.O    romdata   0x30000d    program   0x000001



                              Program Memory Usage 
                               Start         End      
                           ---------   ---------      
                            0x000000    0x000005      
                            0x000008    0x00001f      
                            0x000100    0x0001a1      
                            0x300001    0x300003      
                            0x300005    0x300006      
                            0x300008    0x30000d      
            203 out of 33048 program addresses used, program memory utilization is 0%



                              Symbols - Sorted by Name
                     Name    Address   Location    Storage File                     
                ---------  ---------  ---------  --------- ---------                
                      ISR   0x000004    program     static C:\Users\Lin\MPLABXProjects\hw7.X\hw7-1.asm
                  Initial   0x000020    program     static C:\Users\Lin\MPLABXProjects\hw7.X\hw7-1.asm
                  _1LOOP1   0x000128    program     static C:\Users\Lin\MPLABXProjects\hw7.X\hw7-1.asm
                  _1LOOP2   0x000124    program     static C:\Users\Lin\MPLABXProjects\hw7.X\hw7-1.asm
                  _2LOOP1   0x000148    program     static C:\Users\Lin\MPLABXProjects\hw7.X\hw7-1.asm
                  _2LOOP2   0x000144    program     static C:\Users\Lin\MPLABXProjects\hw7.X\hw7-1.asm
                  _3LOOP1   0x00016a    program     static C:\Users\Lin\MPLABXProjects\hw7.X\hw7-1.asm
                  _3LOOP2   0x000166    program     static C:\Users\Lin\MPLABXProjects\hw7.X\hw7-1.asm
                  _4LOOP1   0x00018a    program     static C:\Users\Lin\MPLABXProjects\hw7.X\hw7-1.asm
                  _4LOOP2   0x000186    program     static C:\Users\Lin\MPLABXProjects\hw7.X\hw7-1.asm
                      add   0x000014    program     static C:\Users\Lin\MPLABXProjects\hw7.X\hw7-1.asm
                      dec   0x00001a    program     static C:\Users\Lin\MPLABXProjects\hw7.X\hw7-1.asm
                      fin   0x00001c    program     static C:\Users\Lin\MPLABXProjects\hw7.X\hw7-1.asm
                        i   0x00011e    program     static C:\Users\Lin\MPLABXProjects\hw7.X\hw7-1.asm
                       ii   0x000160    program     static C:\Users\Lin\MPLABXProjects\hw7.X\hw7-1.asm
                     main   0x000114    program     static C:\Users\Lin\MPLABXProjects\hw7.X\hw7-1.asm



                              Symbols - Sorted by Address
                     Name    Address   Location    Storage File                     
                ---------  ---------  ---------  --------- ---------                
                      ISR   0x000004    program     static C:\Users\Lin\MPLABXProjects\hw7.X\hw7-1.asm
                      add   0x000014    program     static C:\Users\Lin\MPLABXProjects\hw7.X\hw7-1.asm
                      dec   0x00001a    program     static C:\Users\Lin\MPLABXProjects\hw7.X\hw7-1.asm
                      fin   0x00001c    program     static C:\Users\Lin\MPLABXProjects\hw7.X\hw7-1.asm
                  Initial   0x000020    program     static C:\Users\Lin\MPLABXProjects\hw7.X\hw7-1.asm
                     main   0x000114    program     static C:\Users\Lin\MPLABXProjects\hw7.X\hw7-1.asm
                        i   0x00011e    program     static C:\Users\Lin\MPLABXProjects\hw7.X\hw7-1.asm
                  _1LOOP2   0x000124    program     static C:\Users\Lin\MPLABXProjects\hw7.X\hw7-1.asm
                  _1LOOP1   0x000128    program     static C:\Users\Lin\MPLABXProjects\hw7.X\hw7-1.asm
                  _2LOOP2   0x000144    program     static C:\Users\Lin\MPLABXProjects\hw7.X\hw7-1.asm
                  _2LOOP1   0x000148    program     static C:\Users\Lin\MPLABXProjects\hw7.X\hw7-1.asm
                       ii   0x000160    program     static C:\Users\Lin\MPLABXProjects\hw7.X\hw7-1.asm
                  _3LOOP2   0x000166    program     static C:\Users\Lin\MPLABXProjects\hw7.X\hw7-1.asm
                  _3LOOP1   0x00016a    program     static C:\Users\Lin\MPLABXProjects\hw7.X\hw7-1.asm
                  _4LOOP2   0x000186    program     static C:\Users\Lin\MPLABXProjects\hw7.X\hw7-1.asm
                  _4LOOP1   0x00018a    program     static C:\Users\Lin\MPLABXProjects\hw7.X\hw7-1.asm


