MPLINK 5.09, LINKER
Linker Map File - Created Thu Sep 26 00:26:53 2024

                                 Section Info
                  Section       Type    Address   Location Size(Bytes)
                ---------  ---------  ---------  ---------  ---------
                   .cinit    romdata   0x000000    program   0x000002
                   .org_0       code   0x000010    program   0x000082
.config_300001_BUILD/DEFAULT/DEBUG/HW2-2.O    romdata   0x300001    program   0x000001
.config_300003_BUILD/DEFAULT/DEBUG/HW2-2.O    romdata   0x300003    program   0x000001



                              Program Memory Usage 
                               Start         End      
                           ---------   ---------      
                            0x000000    0x000001      
                            0x000010    0x000091      
                            0x300001    0x300001      
                            0x300003    0x300003      
            134 out of 33048 program addresses used, program memory utilization is 0%



                              Symbols - Sorted by Name
                     Name    Address   Location    Storage File                     
                ---------  ---------  ---------  --------- ---------                
                  Initial   0x000010    program     static C:\Users\Lin\MPLABXProjects\hw2.X\hw2-2.asm
                      for   0x000046    program     static C:\Users\Lin\MPLABXProjects\hw2.X\hw2-2.asm
                        i   0x000046    program     static C:\Users\Lin\MPLABXProjects\hw2.X\hw2-2.asm
                       ii   0x00007e    program     static C:\Users\Lin\MPLABXProjects\hw2.X\hw2-2.asm
                     jump   0x000050    program     static C:\Users\Lin\MPLABXProjects\hw2.X\hw2-2.asm
                     swap   0x000066    program     static C:\Users\Lin\MPLABXProjects\hw2.X\hw2-2.asm



                              Symbols - Sorted by Address
                     Name    Address   Location    Storage File                     
                ---------  ---------  ---------  --------- ---------                
                  Initial   0x000010    program     static C:\Users\Lin\MPLABXProjects\hw2.X\hw2-2.asm
                      for   0x000046    program     static C:\Users\Lin\MPLABXProjects\hw2.X\hw2-2.asm
                        i   0x000046    program     static C:\Users\Lin\MPLABXProjects\hw2.X\hw2-2.asm
                     jump   0x000050    program     static C:\Users\Lin\MPLABXProjects\hw2.X\hw2-2.asm
                     swap   0x000066    program     static C:\Users\Lin\MPLABXProjects\hw2.X\hw2-2.asm
                       ii   0x00007e    program     static C:\Users\Lin\MPLABXProjects\hw2.X\hw2-2.asm


