MPLINK 5.09, LINKER
Linker Map File - Created Thu Sep 26 01:22:13 2024

                                 Section Info
                  Section       Type    Address   Location Size(Bytes)
                ---------  ---------  ---------  ---------  ---------
                   .org_0       code   0x000000    program   0x0000cc
                   .cinit    romdata   0x0000cc    program   0x000002
.config_300001_BUILD/DEFAULT/DEBUG/HW6-1.O    romdata   0x300001    program   0x000001
.config_300003_BUILD/DEFAULT/DEBUG/HW6-1.O    romdata   0x300003    program   0x000001
.config_300006_BUILD/DEFAULT/DEBUG/HW6-1.O    romdata   0x300006    program   0x000001



                              Program Memory Usage 
                               Start         End      
                           ---------   ---------      
                            0x000000    0x0000cd      
                            0x300001    0x300001      
                            0x300003    0x300003      
                            0x300006    0x300006      
            209 out of 33048 program addresses used, program memory utilization is 0%



                              Symbols - Sorted by Name
                     Name    Address   Location    Storage File                     
                ---------  ---------  ---------  --------- ---------                
                  _1LOOP1   0x00002c    program     static C:\Users\Lin\MPLABXProjects\hw6.X\hw6-1.asm
                  _1LOOP2   0x000028    program     static C:\Users\Lin\MPLABXProjects\hw6.X\hw6-1.asm
                  _2LOOP1   0x000058    program     static C:\Users\Lin\MPLABXProjects\hw6.X\hw6-1.asm
                  _2LOOP2   0x000054    program     static C:\Users\Lin\MPLABXProjects\hw6.X\hw6-1.asm
                  _3LOOP1   0x000084    program     static C:\Users\Lin\MPLABXProjects\hw6.X\hw6-1.asm
                  _3LOOP2   0x000080    program     static C:\Users\Lin\MPLABXProjects\hw6.X\hw6-1.asm
                  _4LOOP1   0x0000b0    program     static C:\Users\Lin\MPLABXProjects\hw6.X\hw6-1.asm
                  _4LOOP2   0x0000ac    program     static C:\Users\Lin\MPLABXProjects\hw6.X\hw6-1.asm
            check_process   0x000014    program     static C:\Users\Lin\MPLABXProjects\hw6.X\hw6-1.asm
                 closeall   0x0000ca    program     static C:\Users\Lin\MPLABXProjects\hw6.X\hw6-1.asm
                      int   0x000000    program     static C:\Users\Lin\MPLABXProjects\hw6.X\hw6-1.asm
                    open1   0x00001a    program     static C:\Users\Lin\MPLABXProjects\hw6.X\hw6-1.asm
                    open2   0x000046    program     static C:\Users\Lin\MPLABXProjects\hw6.X\hw6-1.asm
                    open3   0x000072    program     static C:\Users\Lin\MPLABXProjects\hw6.X\hw6-1.asm
                    open4   0x00009e    program     static C:\Users\Lin\MPLABXProjects\hw6.X\hw6-1.asm
                    start   0x000000    program     static C:\Users\Lin\MPLABXProjects\hw6.X\hw6-1.asm



                              Symbols - Sorted by Address
                     Name    Address   Location    Storage File                     
                ---------  ---------  ---------  --------- ---------                
                      int   0x000000    program     static C:\Users\Lin\MPLABXProjects\hw6.X\hw6-1.asm
                    start   0x000000    program     static C:\Users\Lin\MPLABXProjects\hw6.X\hw6-1.asm
            check_process   0x000014    program     static C:\Users\Lin\MPLABXProjects\hw6.X\hw6-1.asm
                    open1   0x00001a    program     static C:\Users\Lin\MPLABXProjects\hw6.X\hw6-1.asm
                  _1LOOP2   0x000028    program     static C:\Users\Lin\MPLABXProjects\hw6.X\hw6-1.asm
                  _1LOOP1   0x00002c    program     static C:\Users\Lin\MPLABXProjects\hw6.X\hw6-1.asm
                    open2   0x000046    program     static C:\Users\Lin\MPLABXProjects\hw6.X\hw6-1.asm
                  _2LOOP2   0x000054    program     static C:\Users\Lin\MPLABXProjects\hw6.X\hw6-1.asm
                  _2LOOP1   0x000058    program     static C:\Users\Lin\MPLABXProjects\hw6.X\hw6-1.asm
                    open3   0x000072    program     static C:\Users\Lin\MPLABXProjects\hw6.X\hw6-1.asm
                  _3LOOP2   0x000080    program     static C:\Users\Lin\MPLABXProjects\hw6.X\hw6-1.asm
                  _3LOOP1   0x000084    program     static C:\Users\Lin\MPLABXProjects\hw6.X\hw6-1.asm
                    open4   0x00009e    program     static C:\Users\Lin\MPLABXProjects\hw6.X\hw6-1.asm
                  _4LOOP2   0x0000ac    program     static C:\Users\Lin\MPLABXProjects\hw6.X\hw6-1.asm
                  _4LOOP1   0x0000b0    program     static C:\Users\Lin\MPLABXProjects\hw6.X\hw6-1.asm
                 closeall   0x0000ca    program     static C:\Users\Lin\MPLABXProjects\hw6.X\hw6-1.asm


