MPLINK 5.09, LINKER
Linker Map File - Created Wed Jan 11 12:17:48 2023

                                 Section Info
                  Section       Type    Address   Location Size(Bytes)
                ---------  ---------  ---------  ---------  ---------
                   .org_0       code   0x000000    program   0x00016a
                   .cinit    romdata   0x00016a    program   0x000002
                    dbgP0       code   0x007dc0    program   0x000240
.config_300001_BUILD/DEFAULT/DEBUG/NEWASMTEMPLA    romdata   0x300001    program   0x000001
.config_300002_BUILD/DEFAULT/DEBUG/NEWASMTEMPLA    romdata   0x300002    program   0x000001
.config_300003_BUILD/DEFAULT/DEBUG/NEWASMTEMPLA    romdata   0x300003    program   0x000001
.config_300005_BUILD/DEFAULT/DEBUG/NEWASMTEMPLA    romdata   0x300005    program   0x000001
.config_300006_BUILD/DEFAULT/DEBUG/NEWASMTEMPLA    romdata   0x300006    program   0x000001
.config_300008_BUILD/DEFAULT/DEBUG/NEWASMTEMPLA    romdata   0x300008    program   0x000001
.config_300009_BUILD/DEFAULT/DEBUG/NEWASMTEMPLA    romdata   0x300009    program   0x000001
.config_30000A_BUILD/DEFAULT/DEBUG/NEWASMTEMPLA    romdata   0x30000a    program   0x000001
.config_30000B_BUILD/DEFAULT/DEBUG/NEWASMTEMPLA    romdata   0x30000b    program   0x000001
.config_30000C_BUILD/DEFAULT/DEBUG/NEWASMTEMPLA    romdata   0x30000c    program   0x000001
.config_30000D_BUILD/DEFAULT/DEBUG/NEWASMTEMPLA    romdata   0x30000d    program   0x000001
                    dbgD0      udata   0x0005f4       data   0x00000c



                              Program Memory Usage 
                               Start         End      
                           ---------   ---------      
                            0x000000    0x00016b      
                            0x007dc0    0x007fff      
                            0x300001    0x300003      
                            0x300005    0x300006      
                            0x300008    0x30000d      
            951 out of 33048 program addresses used, program memory utilization is 2%



                              Symbols - Sorted by Name
                     Name    Address   Location    Storage File                     
                ---------  ---------  ---------  --------- ---------                
            CICLO_RETARDO   0x00015e    program     static C:\Users\a2273\MPLABXProjects\kpkp.X\newAsmTemplate.asm
                DIR_CCW_X   0x000044    program     static C:\Users\a2273\MPLABXProjects\kpkp.X\newAsmTemplate.asm
                 DIR_CW_X   0x00002e    program     static C:\Users\a2273\MPLABXProjects\kpkp.X\newAsmTemplate.asm
                   INICIO   0x000004    program     static C:\Users\a2273\MPLABXProjects\kpkp.X\newAsmTemplate.asm
              PRINCIPAL_X   0x00001c    program     static C:\Users\a2273\MPLABXProjects\kpkp.X\newAsmTemplate.asm
                RET_100ms   0x000096    program     static C:\Users\a2273\MPLABXProjects\kpkp.X\newAsmTemplate.asm
                 RET_10ms   0x0000fa    program     static C:\Users\a2273\MPLABXProjects\kpkp.X\newAsmTemplate.asm
                 RET_16ms   0x0000d2    program     static C:\Users\a2273\MPLABXProjects\kpkp.X\newAsmTemplate.asm
                 RET_18ms   0x0000e6    program     static C:\Users\a2273\MPLABXProjects\kpkp.X\newAsmTemplate.asm
                  RET_1ms   0x00014a    program     static C:\Users\a2273\MPLABXProjects\kpkp.X\newAsmTemplate.asm
                   RET_1s   0x00006e    program     static C:\Users\a2273\MPLABXProjects\kpkp.X\newAsmTemplate.asm
                RET_250us   0x000136    program     static C:\Users\a2273\MPLABXProjects\kpkp.X\newAsmTemplate.asm
                 RET_33ms   0x0000be    program     static C:\Users\a2273\MPLABXProjects\kpkp.X\newAsmTemplate.asm
                RET_500ms   0x000082    program     static C:\Users\a2273\MPLABXProjects\kpkp.X\newAsmTemplate.asm
                RET_500us   0x000122    program     static C:\Users\a2273\MPLABXProjects\kpkp.X\newAsmTemplate.asm
                 RET_50ms   0x0000aa    program     static C:\Users\a2273\MPLABXProjects\kpkp.X\newAsmTemplate.asm
                  RET_5ms   0x00010e    program     static C:\Users\a2273\MPLABXProjects\kpkp.X\newAsmTemplate.asm
                RET_SERVO   0x00005a    program     static C:\Users\a2273\MPLABXProjects\kpkp.X\newAsmTemplate.asm



                              Symbols - Sorted by Address
                     Name    Address   Location    Storage File                     
                ---------  ---------  ---------  --------- ---------                
                   INICIO   0x000004    program     static C:\Users\a2273\MPLABXProjects\kpkp.X\newAsmTemplate.asm
              PRINCIPAL_X   0x00001c    program     static C:\Users\a2273\MPLABXProjects\kpkp.X\newAsmTemplate.asm
                 DIR_CW_X   0x00002e    program     static C:\Users\a2273\MPLABXProjects\kpkp.X\newAsmTemplate.asm
                DIR_CCW_X   0x000044    program     static C:\Users\a2273\MPLABXProjects\kpkp.X\newAsmTemplate.asm
                RET_SERVO   0x00005a    program     static C:\Users\a2273\MPLABXProjects\kpkp.X\newAsmTemplate.asm
                   RET_1s   0x00006e    program     static C:\Users\a2273\MPLABXProjects\kpkp.X\newAsmTemplate.asm
                RET_500ms   0x000082    program     static C:\Users\a2273\MPLABXProjects\kpkp.X\newAsmTemplate.asm
                RET_100ms   0x000096    program     static C:\Users\a2273\MPLABXProjects\kpkp.X\newAsmTemplate.asm
                 RET_50ms   0x0000aa    program     static C:\Users\a2273\MPLABXProjects\kpkp.X\newAsmTemplate.asm
                 RET_33ms   0x0000be    program     static C:\Users\a2273\MPLABXProjects\kpkp.X\newAsmTemplate.asm
                 RET_16ms   0x0000d2    program     static C:\Users\a2273\MPLABXProjects\kpkp.X\newAsmTemplate.asm
                 RET_18ms   0x0000e6    program     static C:\Users\a2273\MPLABXProjects\kpkp.X\newAsmTemplate.asm
                 RET_10ms   0x0000fa    program     static C:\Users\a2273\MPLABXProjects\kpkp.X\newAsmTemplate.asm
                  RET_5ms   0x00010e    program     static C:\Users\a2273\MPLABXProjects\kpkp.X\newAsmTemplate.asm
                RET_500us   0x000122    program     static C:\Users\a2273\MPLABXProjects\kpkp.X\newAsmTemplate.asm
                RET_250us   0x000136    program     static C:\Users\a2273\MPLABXProjects\kpkp.X\newAsmTemplate.asm
                  RET_1ms   0x00014a    program     static C:\Users\a2273\MPLABXProjects\kpkp.X\newAsmTemplate.asm
            CICLO_RETARDO   0x00015e    program     static C:\Users\a2273\MPLABXProjects\kpkp.X\newAsmTemplate.asm


