MPLINK 5.09, LINKER
Linker Map File - Created Thu Sep 26 00:47:51 2024

                                 Section Info
                  Section       Type    Address   Location Size(Bytes)
                ---------  ---------  ---------  ---------  ---------
                   .cinit    romdata   0x000000    program   0x000002
                   .org_0       code   0x000010    program   0x00003c
.config_300001_BUILD/DEFAULT/DEBUG/HW4-1.O    romdata   0x300001    program   0x000001
.config_300003_BUILD/DEFAULT/DEBUG/HW4-1.O    romdata   0x300003    program   0x000001



                              Program Memory Usage 
                               Start         End      
                           ---------   ---------      
                            0x000000    0x000001      
                            0x000010    0x00004b      
                            0x300001    0x300001      
                            0x300003    0x300003      
            64 out of 33048 program addresses used, program memory utilization is 0%



                              Symbols - Sorted by Name
                     Name    Address   Location    Storage File                     
                ---------  ---------  ---------  --------- ---------                
                  Initial   0x000010    program     static C:\Users\Lin\MPLABXProjects\hw4.X\hw4-1.asm
                    carry   0x000044    program     static C:\Users\Lin\MPLABXProjects\hw4.X\hw4-1.asm
                  nocarry   0x000046    program     static C:\Users\Lin\MPLABXProjects\hw4.X\hw4-1.asm



                              Symbols - Sorted by Address
                     Name    Address   Location    Storage File                     
                ---------  ---------  ---------  --------- ---------                
                  Initial   0x000010    program     static C:\Users\Lin\MPLABXProjects\hw4.X\hw4-1.asm
                    carry   0x000044    program     static C:\Users\Lin\MPLABXProjects\hw4.X\hw4-1.asm
                  nocarry   0x000046    program     static C:\Users\Lin\MPLABXProjects\hw4.X\hw4-1.asm


